------------------------------------------------------------
TimeQuest Timing Analyzer Summary
------------------------------------------------------------

Type  : Slow 1100mV 85C Model Setup 'gerador:g|GeneratorController:control|state'
Slack : -7.379
TNS   : -260.498

Type  : Slow 1100mV 85C Model Setup 'clk'
Slack : -5.979
TNS   : -401.197

Type  : Slow 1100mV 85C Model Hold 'clk'
Slack : -1.531
TNS   : -15.342

Type  : Slow 1100mV 85C Model Hold 'gerador:g|GeneratorController:control|state'
Slack : 0.544
TNS   : 0.000

Type  : Slow 1100mV 85C Model Recovery 'clk'
Slack : -0.411
TNS   : -2.992

Type  : Slow 1100mV 85C Model Removal 'clk'
Slack : -0.952
TNS   : -10.530

Type  : Slow 1100mV 85C Model Minimum Pulse Width 'clk'
Slack : -0.724
TNS   : -105.210

Type  : Slow 1100mV 85C Model Minimum Pulse Width 'gerador:g|GeneratorController:control|state'
Slack : 0.234
TNS   : 0.000

Type  : Slow 1100mV 0C Model Setup 'gerador:g|GeneratorController:control|state'
Slack : -7.595
TNS   : -269.571

Type  : Slow 1100mV 0C Model Setup 'clk'
Slack : -6.232
TNS   : -413.736

Type  : Slow 1100mV 0C Model Hold 'clk'
Slack : -1.734
TNS   : -18.467

Type  : Slow 1100mV 0C Model Hold 'gerador:g|GeneratorController:control|state'
Slack : 0.476
TNS   : 0.000

Type  : Slow 1100mV 0C Model Recovery 'clk'
Slack : -0.259
TNS   : -1.562

Type  : Slow 1100mV 0C Model Removal 'clk'
Slack : -1.233
TNS   : -14.133

Type  : Slow 1100mV 0C Model Minimum Pulse Width 'clk'
Slack : -0.724
TNS   : -105.443

Type  : Slow 1100mV 0C Model Minimum Pulse Width 'gerador:g|GeneratorController:control|state'
Slack : 0.226
TNS   : 0.000

Type  : Fast 1100mV 85C Model Setup 'gerador:g|GeneratorController:control|state'
Slack : -2.353
TNS   : -76.535

Type  : Fast 1100mV 85C Model Setup 'clk'
Slack : -1.872
TNS   : -117.222

Type  : Fast 1100mV 85C Model Hold 'clk'
Slack : -0.638
TNS   : -6.312

Type  : Fast 1100mV 85C Model Hold 'gerador:g|GeneratorController:control|state'
Slack : 0.212
TNS   : 0.000

Type  : Fast 1100mV 85C Model Recovery 'clk'
Slack : -0.360
TNS   : -3.239

Type  : Fast 1100mV 85C Model Removal 'clk'
Slack : -0.365
TNS   : -3.881

Type  : Fast 1100mV 85C Model Minimum Pulse Width 'clk'
Slack : -0.088
TNS   : -7.950

Type  : Fast 1100mV 85C Model Minimum Pulse Width 'gerador:g|GeneratorController:control|state'
Slack : 0.316
TNS   : 0.000

Type  : Fast 1100mV 0C Model Setup 'gerador:g|GeneratorController:control|state'
Slack : -2.158
TNS   : -69.171

Type  : Fast 1100mV 0C Model Setup 'clk'
Slack : -1.688
TNS   : -104.162

Type  : Fast 1100mV 0C Model Hold 'clk'
Slack : -0.670
TNS   : -6.858

Type  : Fast 1100mV 0C Model Hold 'gerador:g|GeneratorController:control|state'
Slack : 0.190
TNS   : 0.000

Type  : Fast 1100mV 0C Model Recovery 'clk'
Slack : -0.194
TNS   : -1.247

Type  : Fast 1100mV 0C Model Removal 'clk'
Slack : -0.403
TNS   : -4.399

Type  : Fast 1100mV 0C Model Minimum Pulse Width 'clk'
Slack : -0.088
TNS   : -8.138

Type  : Fast 1100mV 0C Model Minimum Pulse Width 'gerador:g|GeneratorController:control|state'
Slack : 0.339
TNS   : 0.000

------------------------------------------------------------
